2026-08-19 17:26:29,393 INFO impl.MetricsConfig: Loaded properties from hadoop-metrics2.properties
2026-08-19 17:26:29,449 INFO impl.MetricsSystemImpl: Scheduled Metric snapshot period at 10 second(s).
2026-08-19 17:26:29,450 INFO impl.MetricsSystemImpl: JobTracker metrics system started
2026-08-19 17:26:29,464 WARN impl.MetricsSystemImpl: JobTracker metrics system already initialized!
2026-08-19 17:26:29,725 INFO mapred.FileInputFormat: Total input files to process : 1
2026-08-19 17:26:29,763 INFO mapreduce.JobSubmitter: number of splits:1
2026-08-19 17:26:29,857 INFO mapreduce.JobSubmitter: Submitting tokens for job: job_local286692855_0001
2026-08-19 17:26:29,857 INFO mapreduce.JobSubmitter: Executing with tokens: []
2026-08-19 17:26:30,033 INFO mapred.LocalDistributedCacheManager: Creating symlink: /tmp/hadoop-root/mapred/local/job_local286692855_0001_c4d0ccf0-91b6-4ad8-b1d2-dc0ab396282c/mapper.py <- //mapper.py
2026-08-19 17:26:30,040 INFO mapred.LocalDistributedCacheManager: Localized file:/muestra/mapper.py as file:/tmp/hadoop-root/mapred/local/job_local286692855_0001_c4d0ccf0-91b6-4ad8-b1d2-dc0ab396282c/mapper.py
2026-08-19 17:26:30,084 INFO mapred.LocalDistributedCacheManager: Creating symlink: /tmp/hadoop-root/mapred/local/job_local286692855_0001_1b57eb5e-4051-482f-b8ab-d11f6011df83/reducer2.py <- //reducer2.py
2026-08-19 17:26:30,089 INFO mapred.LocalDistributedCacheManager: Localized file:/muestra/reducer2.py as file:/tmp/hadoop-root/mapred/local/job_local286692855_0001_1b57eb5e-4051-482f-b8ab-d11f6011df83/reducer2.py
2026-08-19 17:26:30,090 INFO mapred.LocalDistributedCacheManager: Creating symlink: /tmp/hadoop-root/mapred/local/job_local286692855_0001_175d7b5b-a7c3-4560-92b7-eaab5d9cdfe5/combiner.py <- //combiner.py
2026-08-19 17:26:30,095 INFO mapred.LocalDistributedCacheManager: Localized file:/muestra/combiner.py as file:/tmp/hadoop-root/mapred/local/job_local286692855_0001_175d7b5b-a7c3-4560-92b7-eaab5d9cdfe5/combiner.py
2026-08-19 17:26:30,156 INFO mapreduce.Job: The url to track the job: http://localhost:8080/
2026-08-19 17:26:30,159 INFO mapreduce.Job: Running job: job_local286692855_0001
2026-08-19 17:26:30,160 INFO mapred.LocalJobRunner: OutputCommitter set in config null
2026-08-19 17:26:30,162 INFO mapred.LocalJobRunner: OutputCommitter is org.apache.hadoop.mapred.FileOutputCommitter
2026-08-19 17:26:30,166 INFO output.FileOutputCommitter: File Output Committer Algorithm version is 2
2026-08-19 17:26:30,166 INFO output.FileOutputCommitter: FileOutputCommitter skip cleanup _temporary folders under output directory:false, ignore cleanup failures: false
2026-08-19 17:26:30,205 INFO mapred.LocalJobRunner: Waiting for map tasks
2026-08-19 17:26:30,210 INFO mapred.LocalJobRunner: Starting task: attempt_local286692855_0001_m_000000_0
2026-08-19 17:26:30,242 INFO output.FileOutputCommitter: File Output Committer Algorithm version is 2
2026-08-19 17:26:30,242 INFO output.FileOutputCommitter: FileOutputCommitter skip cleanup _temporary folders under output directory:false, ignore cleanup failures: false
2026-08-19 17:26:30,263 INFO mapred.Task:  Using ResourceCalculatorProcessTree : [ ]
2026-08-19 17:26:30,270 INFO mapred.MapTask: Processing split: hdfs://namenode:9000/entrada/muestra.csv:0+10358654
2026-08-19 17:26:30,290 INFO mapred.MapTask: numReduceTasks: 1
2026-08-19 17:26:30,435 INFO mapred.MapTask: (EQUATOR) 0 kvi 26214396(104857584)
2026-08-19 17:26:30,435 INFO mapred.MapTask: mapreduce.task.io.sort.mb: 100
2026-08-19 17:26:30,435 INFO mapred.MapTask: soft limit at 83886080
2026-08-19 17:26:30,435 INFO mapred.MapTask: bufstart = 0; bufvoid = 104857600
2026-08-19 17:26:30,435 INFO mapred.MapTask: kvstart = 26214396; length = 6553600
2026-08-19 17:26:30,443 INFO mapred.MapTask: Map output collector class = org.apache.hadoop.mapred.MapTask$MapOutputBuffer
2026-08-19 17:26:30,451 INFO streaming.PipeMapRed: PipeMapRed exec [/usr/bin/python3, mapper.py]
2026-08-19 17:26:30,456 INFO Configuration.deprecation: mapred.work.output.dir is deprecated. Instead, use mapreduce.task.output.dir
2026-08-19 17:26:30,457 INFO Configuration.deprecation: map.input.start is deprecated. Instead, use mapreduce.map.input.start
2026-08-19 17:26:30,457 INFO Configuration.deprecation: mapred.task.is.map is deprecated. Instead, use mapreduce.task.ismap
2026-08-19 17:26:30,457 INFO Configuration.deprecation: mapred.task.id is deprecated. Instead, use mapreduce.task.attempt.id
2026-08-19 17:26:30,458 INFO Configuration.deprecation: mapred.tip.id is deprecated. Instead, use mapreduce.task.id
2026-08-19 17:26:30,458 INFO Configuration.deprecation: mapred.local.dir is deprecated. Instead, use mapreduce.cluster.local.dir
2026-08-19 17:26:30,459 INFO Configuration.deprecation: map.input.file is deprecated. Instead, use mapreduce.map.input.file
2026-08-19 17:26:30,459 INFO Configuration.deprecation: mapred.skip.on is deprecated. Instead, use mapreduce.job.skiprecords
2026-08-19 17:26:30,459 INFO Configuration.deprecation: map.input.length is deprecated. Instead, use mapreduce.map.input.length
2026-08-19 17:26:30,461 INFO Configuration.deprecation: mapred.job.id is deprecated. Instead, use mapreduce.job.id
2026-08-19 17:26:30,461 INFO Configuration.deprecation: user.name is deprecated. Instead, use mapreduce.job.user.name
2026-08-19 17:26:30,462 INFO Configuration.deprecation: mapred.task.partition is deprecated. Instead, use mapreduce.task.partition
2026-08-19 17:26:30,499 INFO sasl.SaslDataTransferClient: SASL encryption trust check: localHostTrusted = false, remoteHostTrusted = false
2026-08-19 17:26:30,611 INFO streaming.PipeMapRed: R/W/S=1/0/0 in:NA [rec/s] out:NA [rec/s]
2026-08-19 17:26:30,612 INFO streaming.PipeMapRed: R/W/S=10/0/0 in:NA [rec/s] out:NA [rec/s]
2026-08-19 17:26:30,613 INFO streaming.PipeMapRed: R/W/S=100/0/0 in:NA [rec/s] out:NA [rec/s]
2026-08-19 17:26:30,622 INFO streaming.PipeMapRed: R/W/S=1000/0/0 in:NA [rec/s] out:NA [rec/s]
2026-08-19 17:26:30,634 INFO streaming.PipeMapRed: Records R/W=4934/1
2026-08-19 17:26:30,654 INFO streaming.PipeMapRed: R/W/S=10000/5543/0 in:NA [rec/s] out:NA [rec/s]
2026-08-19 17:26:30,773 INFO streaming.PipeMapRed: R/W/S=100000/95367/0 in:NA [rec/s] out:NA [rec/s]
2026-08-19 17:26:30,883 INFO streaming.PipeMapRed: R/W/S=200000/195400/0 in:NA [rec/s] out:NA [rec/s]
2026-08-19 17:26:30,997 INFO streaming.PipeMapRed: R/W/S=300000/295447/0 in:NA [rec/s] out:NA [rec/s]
2026-08-19 17:26:31,026 INFO streaming.PipeMapRed: MRErrorThread done
2026-08-19 17:26:31,027 INFO streaming.PipeMapRed: mapRedFinished
2026-08-19 17:26:31,031 INFO mapred.LocalJobRunner: 
2026-08-19 17:26:31,031 INFO mapred.MapTask: Starting flush of map output
2026-08-19 17:26:31,031 INFO mapred.MapTask: Spilling map output
2026-08-19 17:26:31,031 INFO mapred.MapTask: bufstart = 0; bufend = 2778639; bufvoid = 104857600
2026-08-19 17:26:31,031 INFO mapred.MapTask: kvstart = 26214396(104857584); kvend = 24934400(99737600); length = 1279997/6553600
2026-08-19 17:26:31,166 INFO mapreduce.Job: Job job_local286692855_0001 running in uber mode : false
2026-08-19 17:26:31,168 INFO mapreduce.Job:  map 0% reduce 0%
2026-08-19 17:26:31,187 INFO streaming.PipeMapRed: PipeMapRed exec [/usr/bin/python3, combiner.py]
2026-08-19 17:26:31,189 INFO Configuration.deprecation: mapred.skip.map.auto.incr.proc.count is deprecated. Instead, use mapreduce.map.skip.proc-count.auto-incr
2026-08-19 17:26:31,199 INFO streaming.PipeMapRed: R/W/S=1/0/0 in:NA [rec/s] out:NA [rec/s]
2026-08-19 17:26:31,199 INFO streaming.PipeMapRed: R/W/S=10/0/0 in:NA [rec/s] out:NA [rec/s]
2026-08-19 17:26:31,200 INFO streaming.PipeMapRed: R/W/S=100/0/0 in:NA [rec/s] out:NA [rec/s]
2026-08-19 17:26:31,204 INFO streaming.PipeMapRed: R/W/S=1000/0/0 in:NA [rec/s] out:NA [rec/s]
2026-08-19 17:26:31,212 INFO streaming.PipeMapRed: R/W/S=10000/0/0 in:NA [rec/s] out:NA [rec/s]
2026-08-19 17:26:31,276 INFO streaming.PipeMapRed: R/W/S=100000/0/0 in:NA [rec/s] out:NA [rec/s]
2026-08-19 17:26:31,330 INFO streaming.PipeMapRed: R/W/S=200000/0/0 in:NA [rec/s] out:NA [rec/s]
2026-08-19 17:26:31,342 INFO streaming.PipeMapRed: Records R/W=223817/1
2026-08-19 17:26:31,386 INFO streaming.PipeMapRed: R/W/S=300000/324/0 in:NA [rec/s] out:NA [rec/s]
2026-08-19 17:26:31,404 INFO streaming.PipeMapRed: MRErrorThread done
2026-08-19 17:26:31,405 INFO streaming.PipeMapRed: mapRedFinished
2026-08-19 17:26:31,405 INFO mapred.MapTask: Finished spill 0
2026-08-19 17:26:31,418 INFO mapred.Task: Task:attempt_local286692855_0001_m_000000_0 is done. And is in the process of committing
2026-08-19 17:26:31,423 INFO mapred.LocalJobRunner: Records R/W=223817/1
2026-08-19 17:26:31,423 INFO mapred.Task: Task 'attempt_local286692855_0001_m_000000_0' done.
2026-08-19 17:26:31,433 INFO mapred.Task: Final Counters for attempt_local286692855_0001_m_000000_0: Counters: 24
	File System Counters
		FILE: Number of bytes read=179803
		FILE: Number of bytes written=723768
		FILE: Number of read operations=0
		FILE: Number of large read operations=0
		FILE: Number of write operations=0
		HDFS: Number of bytes read=10358654
		HDFS: Number of bytes written=0
		HDFS: Number of read operations=5
		HDFS: Number of large read operations=0
		HDFS: Number of write operations=1
		HDFS: Number of bytes read erasure-coded=0
	Map-Reduce Framework
		Map input records=320001
		Map output records=320000
		Map output bytes=2778639
		Map output materialized bytes=13583
		Input split bytes=92
		Combine input records=320000
		Combine output records=500
		Spilled Records=500
		Failed Shuffles=0
		Merged Map outputs=0
		GC time elapsed (ms)=12
		Total committed heap usage (bytes)=380108800
	File Input Format Counters 
		Bytes Read=10358654
2026-08-19 17:26:31,433 INFO mapred.LocalJobRunner: Finishing task: attempt_local286692855_0001_m_000000_0
2026-08-19 17:26:31,434 INFO mapred.LocalJobRunner: map task executor complete.
2026-08-19 17:26:31,437 INFO mapred.LocalJobRunner: Waiting for reduce tasks
2026-08-19 17:26:31,437 INFO mapred.LocalJobRunner: Starting task: attempt_local286692855_0001_r_000000_0
2026-08-19 17:26:31,444 INFO output.FileOutputCommitter: File Output Committer Algorithm version is 2
2026-08-19 17:26:31,444 INFO output.FileOutputCommitter: FileOutputCommitter skip cleanup _temporary folders under output directory:false, ignore cleanup failures: false
2026-08-19 17:26:31,444 INFO mapred.Task:  Using ResourceCalculatorProcessTree : [ ]
2026-08-19 17:26:31,448 INFO mapred.ReduceTask: Using ShuffleConsumerPlugin: org.apache.hadoop.mapreduce.task.reduce.Shuffle@6311aaf4
2026-08-19 17:26:31,450 WARN impl.MetricsSystemImpl: JobTracker metrics system already initialized!
2026-08-19 17:26:31,466 INFO reduce.MergeManagerImpl: MergerManager: memoryLimit=1241199360, maxSingleShuffleLimit=310299840, mergeThreshold=819191616, ioSortFactor=10, memToMemMergeOutputsThreshold=10
2026-08-19 17:26:31,471 INFO reduce.EventFetcher: attempt_local286692855_0001_r_000000_0 Thread started: EventFetcher for fetching Map Completion Events
2026-08-19 17:26:31,495 INFO reduce.LocalFetcher: localfetcher#1 about to shuffle output of map attempt_local286692855_0001_m_000000_0 decomp: 13579 len: 13583 to MEMORY
2026-08-19 17:26:31,499 INFO reduce.InMemoryMapOutput: Read 13579 bytes from map-output for attempt_local286692855_0001_m_000000_0
2026-08-19 17:26:31,501 INFO reduce.MergeManagerImpl: closeInMemoryFile -> map-output of size: 13579, inMemoryMapOutputs.size() -> 1, commitMemory -> 0, usedMemory ->13579
2026-08-19 17:26:31,502 INFO reduce.EventFetcher: EventFetcher is interrupted.. Returning
2026-08-19 17:26:31,503 INFO mapred.LocalJobRunner: 1 / 1 copied.
2026-08-19 17:26:31,503 INFO reduce.MergeManagerImpl: finalMerge called with 1 in-memory map-outputs and 0 on-disk map-outputs
2026-08-19 17:26:31,510 INFO mapred.Merger: Merging 1 sorted segments
2026-08-19 17:26:31,511 INFO mapred.Merger: Down to the last merge-pass, with 1 segments left of total size: 13575 bytes
2026-08-19 17:26:31,514 INFO reduce.MergeManagerImpl: Merged 1 segments, 13579 bytes to disk to satisfy reduce memory limit
2026-08-19 17:26:31,516 INFO reduce.MergeManagerImpl: Merging 1 files, 13583 bytes from disk
2026-08-19 17:26:31,517 INFO reduce.MergeManagerImpl: Merging 0 segments, 0 bytes from memory into reduce
2026-08-19 17:26:31,517 INFO mapred.Merger: Merging 1 sorted segments
2026-08-19 17:26:31,518 INFO mapred.Merger: Down to the last merge-pass, with 1 segments left of total size: 13575 bytes
2026-08-19 17:26:31,519 INFO mapred.LocalJobRunner: 1 / 1 copied.
2026-08-19 17:26:31,524 INFO streaming.PipeMapRed: PipeMapRed exec [/usr/bin/python3, reducer2.py]
2026-08-19 17:26:31,526 INFO Configuration.deprecation: mapred.job.tracker is deprecated. Instead, use mapreduce.jobtracker.address
2026-08-19 17:26:31,526 INFO Configuration.deprecation: mapred.map.tasks is deprecated. Instead, use mapreduce.job.maps
2026-08-19 17:26:31,564 INFO streaming.PipeMapRed: R/W/S=1/0/0 in:NA [rec/s] out:NA [rec/s]
2026-08-19 17:26:31,565 INFO streaming.PipeMapRed: R/W/S=10/0/0 in:NA [rec/s] out:NA [rec/s]
2026-08-19 17:26:31,565 INFO streaming.PipeMapRed: R/W/S=100/0/0 in:NA [rec/s] out:NA [rec/s]
2026-08-19 17:26:31,572 INFO streaming.PipeMapRed: Records R/W=500/1
2026-08-19 17:26:31,574 INFO streaming.PipeMapRed: MRErrorThread done
2026-08-19 17:26:31,579 INFO streaming.PipeMapRed: mapRedFinished
2026-08-19 17:26:31,600 INFO sasl.SaslDataTransferClient: SASL encryption trust check: localHostTrusted = false, remoteHostTrusted = false
2026-08-19 17:26:31,657 INFO mapred.Task: Task:attempt_local286692855_0001_r_000000_0 is done. And is in the process of committing
2026-08-19 17:26:31,660 INFO mapred.LocalJobRunner: 1 / 1 copied.
2026-08-19 17:26:31,660 INFO mapred.Task: Task attempt_local286692855_0001_r_000000_0 is allowed to commit now
2026-08-19 17:26:31,680 INFO output.FileOutputCommitter: Saved output of task 'attempt_local286692855_0001_r_000000_0' to hdfs://namenode:9000/salida
2026-08-19 17:26:31,681 INFO mapred.LocalJobRunner: Records R/W=500/1 > reduce
2026-08-19 17:26:31,681 INFO mapred.Task: Task 'attempt_local286692855_0001_r_000000_0' done.
2026-08-19 17:26:31,682 INFO mapred.Task: Final Counters for attempt_local286692855_0001_r_000000_0: Counters: 30
	File System Counters
		FILE: Number of bytes read=207001
		FILE: Number of bytes written=737351
		FILE: Number of read operations=0
		FILE: Number of large read operations=0
		FILE: Number of write operations=0
		HDFS: Number of bytes read=10358654
		HDFS: Number of bytes written=4892
		HDFS: Number of read operations=10
		HDFS: Number of large read operations=0
		HDFS: Number of write operations=3
		HDFS: Number of bytes read erasure-coded=0
	Map-Reduce Framework
		Combine input records=0
		Combine output records=0
		Reduce input groups=500
		Reduce shuffle bytes=13583
		Reduce input records=500
		Reduce output records=500
		Spilled Records=500
		Shuffled Maps =1
		Failed Shuffles=0
		Merged Map outputs=1
		GC time elapsed (ms)=0
		Total committed heap usage (bytes)=380108800
	Shuffle Errors
		BAD_ID=0
		CONNECTION=0
		IO_ERROR=0
		WRONG_LENGTH=0
		WRONG_MAP=0
		WRONG_REDUCE=0
	File Output Format Counters 
		Bytes Written=4892
2026-08-19 17:26:31,682 INFO mapred.LocalJobRunner: Finishing task: attempt_local286692855_0001_r_000000_0
2026-08-19 17:26:31,682 INFO mapred.LocalJobRunner: reduce task executor complete.
2026-08-19 17:26:32,171 INFO mapreduce.Job:  map 100% reduce 100%
2026-08-19 17:26:32,172 INFO mapreduce.Job: Job job_local286692855_0001 completed successfully
2026-08-19 17:26:32,183 INFO mapreduce.Job: Counters: 36
	File System Counters
		FILE: Number of bytes read=386804
		FILE: Number of bytes written=1461119
		FILE: Number of read operations=0
		FILE: Number of large read operations=0
		FILE: Number of write operations=0
		HDFS: Number of bytes read=20717308
		HDFS: Number of bytes written=4892
		HDFS: Number of read operations=15
		HDFS: Number of large read operations=0
		HDFS: Number of write operations=4
		HDFS: Number of bytes read erasure-coded=0
	Map-Reduce Framework
		Map input records=320001
		Map output records=320000
		Map output bytes=2778639
		Map output materialized bytes=13583
		Input split bytes=92
		Combine input records=320000
		Combine output records=500
		Reduce input groups=500
		Reduce shuffle bytes=13583
		Reduce input records=500
		Reduce output records=500
		Spilled Records=1000
		Shuffled Maps =1
		Failed Shuffles=0
		Merged Map outputs=1
		GC time elapsed (ms)=12
		Total committed heap usage (bytes)=760217600
	Shuffle Errors
		BAD_ID=0
		CONNECTION=0
		IO_ERROR=0
		WRONG_LENGTH=0
		WRONG_MAP=0
		WRONG_REDUCE=0
	File Input Format Counters 
		Bytes Read=10358654
	File Output Format Counters 
		Bytes Written=4892
2026-08-19 17:26:32,183 INFO streaming.StreamJob: Output directory: /salida
